[www.spotify.com/uk/premium/index.html]
[www.scdn.co/webpack/marketing.01af9e89b0f313a95ae5.js]
[www.google-analytics.com/analytics.js]
[backblue.gif]
[fade.gif]
[index.html]
[www.scdn.co/i/_global/favicon.png]
[www.scdn.co/i/_global/touch-icon-144.png]
[www.scdn.co/i/_global/touch-icon-114.png]
[www.scdn.co/i/_global/touch-icon-72.png]
[www.scdn.co/i/_global/touch-icon-57.png]
[www.scdn.co/build/css/spotify-d4b0ac8034.css]
[www.scdn.co/build/css/reactlandingpage-e97de7daba.css]
[www.scdn.co/webpack/sp-analytics.f4a53b1145f51059e672.js]
[www.scdn.co/webpack/tracking.download.ff5af86da6366b31662a.js]
[campaigns.scdn.co/images/album-art.png]
[www.spotify.com/uk/premium/indexf9a3.html]
[campaigns.scdn.co/images/top-hero-left.png]
[campaigns.scdn.co/images/Icons-save-big.png]
[campaigns.scdn.co/images/Phones_x_mobile.png]
[campaigns.scdn.co/images/benefit-1.png]
[campaigns.scdn.co/images/benefit-2.png]
[campaigns.scdn.co/images/benefit-3.png]
[campaigns.scdn.co/images/benefit-4.png]
[www.scdn.co/webpack/vendors_ssr-bundle.1713d98bc5c389436a5c.js]
[www.scdn.co/webpack/ssr-bundle.13734acb35be58476cc9.js]
[www.scdn.co/webpack/reactlanding.2e6373c9da4a04003c93.js]
[vt.myvisualiq.net/2/afTxMmlGwCNRJiC5Bd75ug==/vt-150.js]
[www.spotify.com/uk/premium/index.html]
[www.googletagmanager.com/gtm5445.html]
[www.fastly-insights.com/insights1ddd.js]
[sp-bootstrap.global.ssl.fastly.net/8.9.0/images/icon-chevron-left.png]
[sp-bootstrap.global.ssl.fastly.net/8.9.0/images/icon-chevron-right.png]
[www.scdn.co/i/landing/amazonalexa/voice-bg.jpg]
[www.scdn.co/i/connect/header-spikes-sm.jpg]
[www.scdn.co/i/connect/header-spikes-xs.jpg]
[www.scdn.co/i/connect/premium-bg.jpg]
[www.scdn.co/i/connect/premium-bg-lg.png]
[www.scdn.co/i/connect/premium-bg-sm.png]
[www.scdn.co/i/playstation/playstation-header-bg-md.jpg]
[www.scdn.co/i/playstation/playstation-header-bg-lg.jpg]
[www.scdn.co/i/playstation/playstation-header-bg-sm.jpg]
[www.scdn.co/i/playstation/playstation-header-bg-xs.jpg]
[www.scdn.co/i/playstation/playstation-premium-bg-md.png]
[www.scdn.co/i/playstation/playstation-premium-bg-lg.png]
[www.scdn.co/i/playstation/playstation-premium-bg-sm.png]
[www.scdn.co/i/playstation/playstation-premium-bg-xs.png]
[www.scdn.co/i/landing/stations/google-play-badge.png]
[www.scdn.co/i/xbox/xbox-header-bg-md.jpg]
[www.scdn.co/i/xbox/xbox-header-bg-lg.jpg]
[www.scdn.co/i/xbox/xbox-header-bg-sm.jpg]
[www.scdn.co/i/xbox/xbox-header-bg-xs.jpg]
[www.scdn.co/build/css/spotify-d4b0ac8034.css]
[www.scdn.co/build/css/reactlandingpage-e97de7daba.css]
[www.spotify.com/uk/premium/indexf9a3.html]
[vt.myvisualiq.net/2/afTxMmlGwCNRJiC5Bd75ug==/vt-150.js]
